Found 2 pods, using pod/journey-backend-885b6b5d4-fz65x
Failed to start server: error: no pg_hba.conf entry for host "10.0.1.83", user "mainuser", database "jerneydb", no encryption
    at /app/node_modules/pg-pool/index.js:45:11
    at process.processTicksAndRejections (node:internal/process/task_queues:95:5)
    at async Object.initDB (/app/src/db.js:12:18)
    at async start (/app/src/index.js:27:5) {
  length: 157,
  severity: 'FATAL',
  code: '28000',
  detail: undefined,
  hint: undefined,
  position: undefined,
  internalPosition: undefined,
  internalQuery: undefined,
  where: undefined,
  schema: undefined,
  table: undefined,
  column: undefined,
  dataType: undefined,
  constraint: undefined,
  file: 'auth.c',
  line: '542',
  routine: 'ClientAuthentication'
}
